[2025-06-17 08:12:05.725536]
请求参数: {'model_type': 'enhanced_dill', 'sine_type': 'multi', 'z_h': 10.0, 'T': 100.0, 't_B': 10.0, 'I0': 1.0, 'M0': 1.0, 't_exp': 5.0, 'V': 0.8, 'K': 2, 'Kx': 2.0, 'Ky': 1.0, 'phi_expr': 'cos(t)', 'y_min': 0, 'y_max': 10, 'y_points': 10}
异常类型: IndexError
异常信息: index 25 is out of bounds for axis 0 with size 10
堆栈信息: Traceback (most recent call last):
  File "/Users/liaowang/Desktop/Dill Model/Dill/dill_model/backend/routes/api.py", line 580, in calculate_data
    plot_data = model.generate_data(z_h, T, t_B, I0, M0, t_exp_enh, sine_type=sine_type, Kx=Kx, Ky=Ky, V=V, phi_expr=phi_expr, y_range=y_range)
  File "/Users/liaowang/Desktop/Dill Model/Dill/dill_model/backend/models/enhanced_dill_model.py", line 885, in generate_data
    sample_x, sample_y = x_coords_xy[25], y_coords_xy[25]  # 中心点
                                          ~~~~~~~~~~~^^^^
IndexError: index 25 is out of bounds for axis 0 with size 10


[2025-06-17 08:12:31.089682]
请求参数: {'model_type': 'enhanced_dill', 'sine_type': 'multi', 'z_h': 10.0, 'T': 100.0, 't_B': 10.0, 'I0': 1.0, 'M0': 1.0, 't_exp': 5.0, 'V': 0.8, 'K': 2, 'Kx': 2.0, 'Ky': 1.0, 'phi_expr': 'cos(t)', 'y_min': 0, 'y_max': 10, 'y_points': 10}
异常类型: IndexError
异常信息: index 25 is out of bounds for axis 0 with size 10
堆栈信息: Traceback (most recent call last):
  File "/Users/liaowang/Desktop/Dill Model/Dill/dill_model/backend/routes/api.py", line 580, in calculate_data
    plot_data = model.generate_data(z_h, T, t_B, I0, M0, t_exp_enh, sine_type=sine_type, Kx=Kx, Ky=Ky, V=V, phi_expr=phi_expr, y_range=y_range)
  File "/Users/liaowang/Desktop/Dill Model/Dill/dill_model/backend/models/enhanced_dill_model.py", line 885, in generate_data
    sample_x, sample_y = x_coords_xy[25], y_coords_xy[25]  # 中心点
                                          ~~~~~~~~~~~^^^^
IndexError: index 25 is out of bounds for axis 0 with size 10


[2025-06-17 10:50:14.737331]
请求参数: {'model_type': 'car', 'sine_type': 'multi', 'I_avg': 10.0, 'V': 0.8, 'K': 2, 't_exp': 5.0, 'acid_gen_efficiency': 0.63, 'diffusion_length': 11.6, 'reaction_rate': 0.3, 'amplification': 24.5, 'contrast': 3.0, 'Kx': 2.0, 'Ky': 1.0, 'phi_expr': '0', 'y_min': 0, 'y_max': 10, 'y_points': 100}
异常类型: UnboundLocalError
异常信息: cannot access local variable 'plots' where it is not associated with a value
堆栈信息: Traceback (most recent call last):
  File "/Users/liaowang/Desktop/Dill Model/Dill/dill_model/backend/routes/api.py", line 270, in calculate
    return jsonify(format_response(True, data=plots)), 200
                                              ^^^^^
UnboundLocalError: cannot access local variable 'plots' where it is not associated with a value


[2025-06-20 07:22:41.866786]
请求参数: {'model_type': 'car', 'sine_type': 'multi', 'I_avg': 10.0, 'V': 0.8, 'K': 2, 't_exp': 5.0, 'acid_gen_efficiency': 0.5, 'diffusion_length': 3.0, 'reaction_rate': 0.3, 'amplification': 10.0, 'contrast': 3.0, 'Kx': 2.0, 'Ky': 1.0, 'phi_expr': '0', 'y_min': 0, 'y_max': 10, 'y_points': 100}
异常类型: UnboundLocalError
异常信息: cannot access local variable 'plots' where it is not associated with a value
堆栈信息: Traceback (most recent call last):
  File "/Users/liaowang/Desktop/Dill Model/Dill/dill_model/backend/routes/api.py", line 270, in calculate
    return jsonify(format_response(True, data=plots)), 200
                                              ^^^^^
UnboundLocalError: cannot access local variable 'plots' where it is not associated with a value


[2025-07-03 19:17:15.820243]
请求参数: {'model_type': 'dill', 'sine_type': 'single', 'I_avg': 10.0, 'V': 0.8, 't_exp': 5.0, 'C': 0.02, 'K': 2.0, 'enable_1d_animation': True, 't_start': 0, 't_end': 5, 'time_steps': 20}
异常类型: KeyError
异常信息: 'x'
堆栈信息: Traceback (most recent call last):
  File "/Users/liaowang/Desktop/Dill Model/Dill/dill_model/backend/routes/api.py", line 529, in calculate_data
    x_array = np.array(plot_data['x'])
                       ~~~~~~~~~^^^^^
KeyError: 'x'


[2025-07-04 00:26:44.582137]
请求参数: {'model_type': 'dill', 'sine_type': 'single', 'I_avg': 10.0, 'V': 0.8, 't_exp': 5.0, 'C': 0.02, 'K': 2.0, 'enable_1d_contrast_eval': True, 'v_start': 0.1, 'v_end': 0.9, 'contrast_steps': 20}
异常类型: UnboundLocalError
异常信息: cannot access local variable 'anim_calc_time' where it is not associated with a value
堆栈信息: Traceback (most recent call last):
  File "/Users/liaowang/Desktop/Dill Model/Dill/dill_model/backend/routes/api.py", line 582, in calculate_data
    add_log_entry('info', 'dill', f"🎬 动画数据: {len(plot_data.get('animation_frames', []))}帧，用时{anim_calc_time:.3f}s", dimension='1d')
                                                                                                      ^^^^^^^^^^^^^^
UnboundLocalError: cannot access local variable 'anim_calc_time' where it is not associated with a value


[2025-07-04 00:34:20.956724]
请求参数: {'model_type': 'dill', 'sine_type': 'single', 'I_avg': 10.0, 'V': 0.8, 't_exp': 5.0, 'C': 0.02, 'K': 2.0, 'enable_1d_contrast_eval': True, 'v_start': 0.1, 'v_end': 0.9, 'contrast_steps': 20}
异常类型: UnboundLocalError
异常信息: cannot access local variable 'anim_calc_time' where it is not associated with a value
堆栈信息: Traceback (most recent call last):
  File "/Users/liaowang/Desktop/Dill Model/Dill/dill_model/backend/routes/api.py", line 582, in calculate_data
    add_log_entry('info', 'dill', f"🎬 对比度评估数据: {len(plot_data.get('contrast_frames', []))}帧，用时{contrast_calc_time:.3f}s", dimension='1d')
                                                                                                      ^^^^^^^^^^^
UnboundLocalError: cannot access local variable 'anim_calc_time' where it is not associated with a value


